17:12:48 **** Incremental Build of configuration Debug for project Lab2_Timer_Interrupt ****
make -j8 all 
arm-none-eabi-gcc "../Core/Src/main.c" -mcpu=cortex-m3 -std=gnu11 -g3 -DDEBUG -DUSE_HAL_DRIVER -DSTM32F103x6 -c -I../Core/Inc -I../Drivers/STM32F1xx_HAL_Driver/Inc -I../Drivers/STM32F1xx_HAL_Driver/Inc/Legacy -I../Drivers/CMSIS/Device/ST/STM32F1xx/Include -I../Drivers/CMSIS/Include -O0 -ffunction-sections -fdata-sections -Wall -fstack-usage -MMD -MP -MF"Core/Src/main.d" -MT"Core/Src/main.o" --specs=nano.specs -mfloat-abi=soft -mthumb -o "Core/Src/main.o"
arm-none-eabi-gcc -o "Lab2_Timer_Interrupt.elf" @"objects.list"   -mcpu=cortex-m3 -T"V:\E-learning\MCU\lab\Lab2\Lab2_Timer_Interrupt\STM32F103C6UX_FLASH.ld" --specs=nosys.specs -Wl,-Map="Lab2_Timer_Interrupt.map" -Wl,--gc-sections -static --specs=nano.specs -mfloat-abi=soft -mthumb -Wl,--start-group -lc -lm -Wl,--end-group
Finished building target: Lab2_Timer_Interrupt.elf
 
arm-none-eabi-size   Lab2_Timer_Interrupt.elf 
arm-none-eabi-objdump -h -S  Lab2_Timer_Interrupt.elf  > "Lab2_Timer_Interrupt.list"
arm-none-eabi-objcopy  -O ihex  Lab2_Timer_Interrupt.elf  "Lab2_Timer_Interrupt.hex"
   text	   data	    bss	    dec	    hex	filename
   7852	     28	   1644	   9524	   2534	Lab2_Timer_Interrupt.elf
arm-none-eabi-objcopy  -O binary  Lab2_Timer_Interrupt.elf  "Lab2_Timer_Interrupt.bin"
Finished building: default.size.stdout
 
Finished building: Lab2_Timer_Interrupt.hex
Finished building: Lab2_Timer_Interrupt.bin
 
Finished building: Lab2_Timer_Interrupt.list
 
 
